2026-03-21 14:57:31 Loaded main app package /usr/lib/obsidian/obsidian.asar
2026-03-21 14:57:31 Checking for update using Github
2026-03-21 14:57:31 Success.
2026-03-21 14:57:31 Latest version is 1.12.4
2026-03-21 14:57:31 App is up to date.
2026-03-21 15:57:31 Checking for update using Github
2026-03-21 15:57:31 Success.
2026-03-21 15:57:31 Latest version is 1.12.4
2026-03-21 15:57:31 App is up to date.
2026-03-21 16:57:31 Checking for update using Github
2026-03-21 16:57:31 Success.
2026-03-21 16:57:31 Latest version is 1.12.4
2026-03-21 16:57:31 App is up to date.
2026-03-21 17:57:31 Checking for update using Github
2026-03-21 17:57:31 Success.
2026-03-21 17:57:31 Latest version is 1.12.4
2026-03-21 17:57:31 App is up to date.
2026-03-21 18:57:31 Checking for update using Github
2026-03-21 18:57:31 Success.
2026-03-21 18:57:31 Latest version is 1.12.4
2026-03-21 18:57:31 App is up to date.
